// Jest Snapshot v1, https://goo.gl/fbAQLP

exports[`<Contacts> should render component 1`] = `null`;
